// Jest Snapshot v1, https://goo.gl/fbAQLP

exports[`renders a RepoList using Snapshots 1`] = `
<RCTScrollView
  contentContainerStyle={
    Object {
      "paddingVertical": 40,
    }
  }
  dataSource={
    ListViewDataSource {
      "items": 3,
    }
  }
  renderRow={[Function]}
  renderScrollComponent={[Function]}
>
  <View>
    <View
      accessibilityComponentType={undefined}
      accessibilityLabel={undefined}
      accessibilityTraits={undefined}
      accessible={true}
      hasTVPreferredFocus={undefined}
      hitSlop={undefined}
      isTVSelectable={true}
      nativeID={undefined}
      onLayout={undefined}
      onResponderGrant={[Function]}
      onResponderMove={[Function]}
      onResponderRelease={[Function]}
      onResponderTerminate={[Function]}
      onResponderTerminationRequest={[Function]}
      onStartShouldSetResponder={[Function]}
      style={null}
      testID={undefined}
      tvParallaxProperties={undefined}
    >
      <View
        style={
          Object {
            "paddingHorizontal": 24,
            "paddingVertical": 8,
          }
        }
      >
        <Text
          accessible={true}
          allowFontScaling={true}
          ellipsizeMode="tail"
          style={
            Object {
              "fontSize": 16,
              "fontWeight": "bold",
              "paddingBottom": 4,
            }
          }
        >
          Test 1
        </Text>
        <Text
          accessible={true}
          allowFontScaling={true}
          ellipsizeMode="tail"
          style={
            Object {
              "paddingBottom": 8,
            }
          }
        >
          50000 stars
        </Text>
      </View>
    </View>
    <View
      accessibilityComponentType={undefined}
      accessibilityLabel={undefined}
      accessibilityTraits={undefined}
      accessible={true}
      hasTVPreferredFocus={undefined}
      hitSlop={undefined}
      isTVSelectable={true}
      nativeID={undefined}
      onLayout={undefined}
      onResponderGrant={[Function]}
      onResponderMove={[Function]}
      onResponderRelease={[Function]}
      onResponderTerminate={[Function]}
      onResponderTerminationRequest={[Function]}
      onStartShouldSetResponder={[Function]}
      style={null}
      testID={undefined}
      tvParallaxProperties={undefined}
    >
      <View
        style={
          Object {
            "paddingHorizontal": 24,
            "paddingVertical": 8,
          }
        }
      >
        <Text
          accessible={true}
          allowFontScaling={true}
          ellipsizeMode="tail"
          style={
            Object {
              "fontSize": 16,
              "fontWeight": "bold",
              "paddingBottom": 4,
            }
          }
        >
          Test 2
        </Text>
        <Text
          accessible={true}
          allowFontScaling={true}
          ellipsizeMode="tail"
          style={
            Object {
              "paddingBottom": 8,
            }
          }
        >
          10000 stars
        </Text>
      </View>
    </View>
    <View
      accessibilityComponentType={undefined}
      accessibilityLabel={undefined}
      accessibilityTraits={undefined}
      accessible={true}
      hasTVPreferredFocus={undefined}
      hitSlop={undefined}
      isTVSelectable={true}
      nativeID={undefined}
      onLayout={undefined}
      onResponderGrant={[Function]}
      onResponderMove={[Function]}
      onResponderRelease={[Function]}
      onResponderTerminate={[Function]}
      onResponderTerminationRequest={[Function]}
      onStartShouldSetResponder={[Function]}
      style={null}
      testID={undefined}
      tvParallaxProperties={undefined}
    >
      <View
        style={
          Object {
            "paddingHorizontal": 24,
            "paddingVertical": 8,
          }
        }
      >
        <Text
          accessible={true}
          allowFontScaling={true}
          ellipsizeMode="tail"
          style={
            Object {
              "fontSize": 16,
              "fontWeight": "bold",
              "paddingBottom": 4,
            }
          }
        >
          Test 3
        </Text>
        <Text
          accessible={true}
          allowFontScaling={true}
          ellipsizeMode="tail"
          style={
            Object {
              "paddingBottom": 8,
            }
          }
        >
          499 stars
        </Text>
      </View>
    </View>
  </View>
</RCTScrollView>
`;
